// Jest Snapshot v1, https://goo.gl/fbAQLP

exports[`Testing the navbar component renders homepage unchanged 1`] = `
Object {
  "asFragment": [Function],
  "baseElement": <body>
    <div>
      <div
        class="mainClass"
        style="min-height: 200vh;"
      >
        <nav
          class="min-h-[64px] bg-primary fixed w-full"
        >
          <div
            class="flex items-center min-h-[64px] pl-5 z-10"
          >
            <span
              style="box-sizing: border-box; display: inline-block; overflow: hidden; background: none; opacity: 1; border: 0px; margin: 0px; padding: 0px; position: relative; max-width: 100%;"
            >
              <span
                style="box-sizing: border-box; display: block; background: none; opacity: 1; border: 0px; margin: 0px; padding: 0px; max-width: 100%;"
              >
                <img
                  alt=""
                  aria-hidden="true"
                  src="data:image/svg+xml,%3csvg%20xmlns=%27http://www.w3.org/2000/svg%27%20version=%271.1%27%20width=%27380%27%20height=%2770%27/%3e"
                  style="display: block; max-width: 100%; background: none; opacity: 1; border: 0px; margin: 0px; padding: 0px;"
                />
              </span>
              <img
                data-nimg="intrinsic"
                decoding="async"
                src="data:image/gif;base64,R0lGODlhAQABAIAAAAAAAP///yH5BAEAAAAALAAAAAABAAEAAAIBRAA7"
                style="position: absolute; top: 0px; left: 0px; bottom: 0px; right: 0px; box-sizing: border-box; padding: 0px; margin: auto; display: block; width: 0px; height: 0px; min-width: 100%; max-width: 100%; min-height: 100%; max-height: 100%;"
              />
              <noscript />
            </span>
            <div
              class="h-14 flex"
            >
              <div
                class="bg-[#F0F0F0] rounded-md text-sm p-1 ml-7 min-w-[160px] rounded-r-none relative"
              >
                Deliverying to 
                <br />
                <span
                  class="text-[16px] font-medium"
                >
                  Karachi, ...
                </span>
                <div
                  class="absolute right-5 top-3 text-2xl"
                >
                  <b>
                    ⇩
                  </b>
                </div>
              </div>
              <div
                class="h-full"
              >
                <input
                  class="h-full border-0 outline-none pl-4 rounded-r-lg min-w-[550px]"
                  placeholder="Search for products or categories"
                  type="search"
                />
              </div>
            </div>
            <div
              class="flex w-full justify-end mr-4 text-secondaryWhite"
            >
              <button
                class="bg-primaryButton p-3 rounded-md px-8 block"
                type="button"
              >
                Get started now
              </button>
              <button
                class="font-medium mr-12 hidden"
                type="button"
              >
                Login | Signup
              </button>
            </div>
          </div>
          <div
            class="bg-primary scrollDiv transition-all absolute w-full z-0"
            data-testid="scrollDiv"
          >
            <div
              class="ml-[200px] flex gap-6 text-secondaryWhite mt-auto h-full"
            >
              <button
                type="button"
              >
                Medicines
              </button>
              <button
                type="button"
              >
                Wellness
              </button>
              <div
                class="flex w-full justify-end text-secondaryWhite mr-16 block"
              >
                <button
                  class="font-medium"
                  type="button"
                >
                  Login | Signup
                </button>
              </div>
            </div>
          </div>
        </nav>
      </div>
    </div>
    <div>
      <div
        class="mainClass"
        style="min-height: 200vh;"
      >
        <nav
          class="min-h-[64px] bg-primary fixed w-full"
        >
          <div
            class="flex items-center min-h-[64px] pl-5 z-10"
          >
            <span
              style="box-sizing: border-box; display: inline-block; overflow: hidden; background: none; opacity: 1; border: 0px; margin: 0px; padding: 0px; position: relative; max-width: 100%;"
            >
              <span
                style="box-sizing: border-box; display: block; background: none; opacity: 1; border: 0px; margin: 0px; padding: 0px; max-width: 100%;"
              >
                <img
                  alt=""
                  aria-hidden="true"
                  src="data:image/svg+xml,%3csvg%20xmlns=%27http://www.w3.org/2000/svg%27%20version=%271.1%27%20width=%27380%27%20height=%2770%27/%3e"
                  style="display: block; max-width: 100%; background: none; opacity: 1; border: 0px; margin: 0px; padding: 0px;"
                />
              </span>
              <img
                data-nimg="intrinsic"
                decoding="async"
                src="data:image/gif;base64,R0lGODlhAQABAIAAAAAAAP///yH5BAEAAAAALAAAAAABAAEAAAIBRAA7"
                style="position: absolute; top: 0px; left: 0px; bottom: 0px; right: 0px; box-sizing: border-box; padding: 0px; margin: auto; display: block; width: 0px; height: 0px; min-width: 100%; max-width: 100%; min-height: 100%; max-height: 100%;"
              />
              <noscript />
            </span>
            <div
              class="h-14 flex"
            >
              <div
                class="bg-[#F0F0F0] rounded-md text-sm p-1 ml-7 min-w-[160px] rounded-r-none relative"
              >
                Deliverying to 
                <br />
                <span
                  class="text-[16px] font-medium"
                >
                  Karachi, ...
                </span>
                <div
                  class="absolute right-5 top-3 text-2xl"
                >
                  <b>
                    ⇩
                  </b>
                </div>
              </div>
              <div
                class="h-full"
              >
                <input
                  class="h-full border-0 outline-none pl-4 rounded-r-lg min-w-[550px]"
                  placeholder="Search for products or categories"
                  type="search"
                />
              </div>
            </div>
            <div
              class="flex w-full justify-end mr-4 text-secondaryWhite"
            >
              <button
                class="bg-primaryButton p-3 rounded-md px-8 block"
                type="button"
              >
                Get started now
              </button>
              <button
                class="font-medium mr-12 hidden"
                type="button"
              >
                Login | Signup
              </button>
            </div>
          </div>
          <div
            class="bg-primary scrollDiv transition-all absolute w-full z-0"
            data-testid="scrollDiv"
          >
            <div
              class="ml-[200px] flex gap-6 text-secondaryWhite mt-auto h-full"
            >
              <button
                type="button"
              >
                Medicines
              </button>
              <button
                type="button"
              >
                Wellness
              </button>
              <div
                class="flex w-full justify-end text-secondaryWhite mr-16 block"
              >
                <button
                  class="font-medium"
                  type="button"
                >
                  Login | Signup
                </button>
              </div>
            </div>
          </div>
        </nav>
      </div>
    </div>
  </body>,
  "container": <div>
    <div
      class="mainClass"
      style="min-height: 200vh;"
    >
      <nav
        class="min-h-[64px] bg-primary fixed w-full"
      >
        <div
          class="flex items-center min-h-[64px] pl-5 z-10"
        >
          <span
            style="box-sizing: border-box; display: inline-block; overflow: hidden; background: none; opacity: 1; border: 0px; margin: 0px; padding: 0px; position: relative; max-width: 100%;"
          >
            <span
              style="box-sizing: border-box; display: block; background: none; opacity: 1; border: 0px; margin: 0px; padding: 0px; max-width: 100%;"
            >
              <img
                alt=""
                aria-hidden="true"
                src="data:image/svg+xml,%3csvg%20xmlns=%27http://www.w3.org/2000/svg%27%20version=%271.1%27%20width=%27380%27%20height=%2770%27/%3e"
                style="display: block; max-width: 100%; background: none; opacity: 1; border: 0px; margin: 0px; padding: 0px;"
              />
            </span>
            <img
              data-nimg="intrinsic"
              decoding="async"
              src="data:image/gif;base64,R0lGODlhAQABAIAAAAAAAP///yH5BAEAAAAALAAAAAABAAEAAAIBRAA7"
              style="position: absolute; top: 0px; left: 0px; bottom: 0px; right: 0px; box-sizing: border-box; padding: 0px; margin: auto; display: block; width: 0px; height: 0px; min-width: 100%; max-width: 100%; min-height: 100%; max-height: 100%;"
            />
            <noscript />
          </span>
          <div
            class="h-14 flex"
          >
            <div
              class="bg-[#F0F0F0] rounded-md text-sm p-1 ml-7 min-w-[160px] rounded-r-none relative"
            >
              Deliverying to 
              <br />
              <span
                class="text-[16px] font-medium"
              >
                Karachi, ...
              </span>
              <div
                class="absolute right-5 top-3 text-2xl"
              >
                <b>
                  ⇩
                </b>
              </div>
            </div>
            <div
              class="h-full"
            >
              <input
                class="h-full border-0 outline-none pl-4 rounded-r-lg min-w-[550px]"
                placeholder="Search for products or categories"
                type="search"
              />
            </div>
          </div>
          <div
            class="flex w-full justify-end mr-4 text-secondaryWhite"
          >
            <button
              class="bg-primaryButton p-3 rounded-md px-8 block"
              type="button"
            >
              Get started now
            </button>
            <button
              class="font-medium mr-12 hidden"
              type="button"
            >
              Login | Signup
            </button>
          </div>
        </div>
        <div
          class="bg-primary scrollDiv transition-all absolute w-full z-0"
          data-testid="scrollDiv"
        >
          <div
            class="ml-[200px] flex gap-6 text-secondaryWhite mt-auto h-full"
          >
            <button
              type="button"
            >
              Medicines
            </button>
            <button
              type="button"
            >
              Wellness
            </button>
            <div
              class="flex w-full justify-end text-secondaryWhite mr-16 block"
            >
              <button
                class="font-medium"
                type="button"
              >
                Login | Signup
              </button>
            </div>
          </div>
        </div>
      </nav>
    </div>
  </div>,
  "debug": [Function],
  "findAllByAltText": [Function],
  "findAllByDisplayValue": [Function],
  "findAllByLabelText": [Function],
  "findAllByPlaceholderText": [Function],
  "findAllByRole": [Function],
  "findAllByTestId": [Function],
  "findAllByText": [Function],
  "findAllByTitle": [Function],
  "findByAltText": [Function],
  "findByDisplayValue": [Function],
  "findByLabelText": [Function],
  "findByPlaceholderText": [Function],
  "findByRole": [Function],
  "findByTestId": [Function],
  "findByText": [Function],
  "findByTitle": [Function],
  "getAllByAltText": [Function],
  "getAllByDisplayValue": [Function],
  "getAllByLabelText": [Function],
  "getAllByPlaceholderText": [Function],
  "getAllByRole": [Function],
  "getAllByTestId": [Function],
  "getAllByText": [Function],
  "getAllByTitle": [Function],
  "getByAltText": [Function],
  "getByDisplayValue": [Function],
  "getByLabelText": [Function],
  "getByPlaceholderText": [Function],
  "getByRole": [Function],
  "getByTestId": [Function],
  "getByText": [Function],
  "getByTitle": [Function],
  "queryAllByAltText": [Function],
  "queryAllByDisplayValue": [Function],
  "queryAllByLabelText": [Function],
  "queryAllByPlaceholderText": [Function],
  "queryAllByRole": [Function],
  "queryAllByTestId": [Function],
  "queryAllByText": [Function],
  "queryAllByTitle": [Function],
  "queryByAltText": [Function],
  "queryByDisplayValue": [Function],
  "queryByLabelText": [Function],
  "queryByPlaceholderText": [Function],
  "queryByRole": [Function],
  "queryByTestId": [Function],
  "queryByText": [Function],
  "queryByTitle": [Function],
  "rerender": [Function],
  "unmount": [Function],
}
`;
